// Jest Snapshot v1, https://goo.gl/fbAQLP

exports[`Header should render Header component 1`] = `
<Fragment>
  <div
    className="container-fluid carousel-style"
  >
    <nav
      className="navbar fixed-top header-style scroll-style"
    >
      <ul
        className="nav justify-content-between scroll-ul-style pl-0"
      >
        <li
          className="nav-item pl-0"
        >
          <Link
            className="nav-link"
            to="#"
          >
            DEPT
          </Link>
        </li>
        <li
          className="nav-item"
        >
          <Link
            className="nav-link menu-icon"
            data-target="#headerModal"
            data-toggle="modal"
            to="#"
          >
            <p
              className="mr-4"
            >
              MENU
            </p>
            <div
              className="bar-container"
            >
              <div
                className="bar1"
              />
              <div
                className="bar2"
              />
            </div>
          </Link>
        </li>
      </ul>
    </nav>
    <h1
      className="carousel-text"
    >
      WORK
    </h1>
  </div>
  <ButtonViewCase />
  <HeaderModal />
</Fragment>
`;
