// Jest Snapshot v1, https://goo.gl/fbAQLP

exports[`Footer should render Footer component 1`] = `
<Fragment>
  <footer
    className="page-footer footer-style"
  >
    <div
      className="main-footer"
    >
      <div
        className="footer-menu"
      >
        <div
          className="footer-first-col hide-on-mobile"
        >
          <p>
            DEPT
          </p>
        </div>
        <div
          className="footer-second-col"
        >
          <p>
            WORK
          </p>
          <p>
            SERVICE
          </p>
          <p>
            STORIES
          </p>
          <p>
            ABOUT
          </p>
          <p>
            CAREERS
          </p>
          <p>
            CONTACT
          </p>
        </div>
        <div
          className="footer-third-col"
        >
          <img
            alt="fb-logo"
            src="test-file-stub"
          />
          <img
            alt="tw-logo"
            src="test-file-stub"
          />
          <img
            alt="in-logo"
            src="test-file-stub"
          />
        </div>
      </div>
      <div
        className="footer-copyright"
      >
        <div
          className="footer-first-col hide-on-phone"
        />
        <div
          className="footer-second-col"
        >
          <p>
            Chamber of Commerce: 63464101
          </p>
          <p>
            VAT: NL 8552.47.502.B01
          </p>
          <p>
            Terms and conditions
          </p>
        </div>
        <div
          className="footer-third-col"
        >
          <p>
            Â© 2018 Dept Agency
          </p>
        </div>
      </div>
    </div>
    <div
      className="to-top hide-on-phone"
    >
      <div
        id="return-to-top"
      >
        <Link
          to="#"
        >
          <i
            className="fas fa-long-arrow-alt-up"
          />
          <p>
            TOP
          </p>
        </Link>
      </div>
    </div>
  </footer>
</Fragment>
`;
